version https://git-lfs.github.com/spec/v1
oid sha256:f07d0495b41ef668c0e08c4bccaf01795edb467cd09dccb1d8de7ed30bc803f7
size 3216
